[theqdacademy.com/effective-service-leadership-with-enneagram-new-copy/index.html]
[backblue.gif]
[fade.gif]
[index.html]
[theqdacademy.com/wp-content/uploads/2025/06/badges-SF-UTAP-70-_-Higher-Quality.png]
[theqdacademy.com/wp-content/plugins/formidable/css/formidableformse98d.css]
[theqdacademy.com/wp-content/themes/astra/assets/css/minified/main.min7bcd.css]
[theqdacademy.com/wp-content/plugins/header-footer-elementor/inc/widgets-css/frontend92a8.css]
[theqdacademy.com/wp-content/plugins/header-footer-elementor/assets/css/header-footer-elementor92a8.css]
[theqdacademy.com/wp-content/plugins/elementor/assets/css/frontend.min52dd.css]
[theqdacademy.com/wp-content/plugins/essential-addons-for-elementor-lite/assets/front-end/css/view/general.min8bc9.css]
[theqdacademy.com/wp-content/uploads/essential-addons-elementor/eael-24178ed40.css]
[theqdacademy.com/wp-content/plugins/elementor/assets/lib/swiper/v8/css/swiper.min94a4.css]
[theqdacademy.com/wp-content/plugins/elementor/assets/css/conditionals/e-swiper.min52dd.css]
[theqdacademy.com/wp-content/uploads/elementor/css/post-7b6fa.css]
[theqdacademy.com/wp-content/uploads/elementor/css/global1588.css]
[theqdacademy.com/wp-content/plugins/elementor/assets/css/widget-icon-list.min52dd.css]
[theqdacademy.com/wp-content/plugins/elementor/assets/css/widget-text-editor.min52dd.css]
[theqdacademy.com/wp-content/plugins/elementor/assets/css/widget-heading.min52dd.css]
[theqdacademy.com/wp-content/plugins/elementor/assets/css/widget-image.min52dd.css]
[theqdacademy.com/wp-content/plugins/elementor/assets/css/widget-video.min52dd.css]
[theqdacademy.com/wp-content/plugins/elementor/assets/css/widget-image-carousel.min52dd.css]
[theqdacademy.com/wp-content/plugins/elementor/assets/css/widget-divider.min52dd.css]
[theqdacademy.com/wp-content/plugins/elementor/assets/css/widget-toggle.min52dd.css]
[theqdacademy.com/wp-content/plugins/elementor/assets/css/widget-nested-tabs.min52dd.css]
[theqdacademy.com/wp-content/plugins/elementor/assets/lib/animations/styles/e-animation-grow.min52dd.css]
[theqdacademy.com/wp-content/uploads/elementor/css/post-24178c4f2.css]
[theqdacademy.com/wp-content/uploads/essential-addons-elementor/eael-24073ed40.css]
[theqdacademy.com/wp-content/uploads/elementor/css/post-2407338fa.css]
[theqdacademy.com/wp-content/uploads/elementor/css/post-2409248ec.css]
[theqdacademy.com/wp-content/tablepress-combined.minb52e.css]
[theqdacademy.com/wp-content/plugins/elementor/assets/css/widget-icon-list.min44b4.css]
[theqdacademy.com/wp-content/plugins/elementor/assets/css/widget-social-icons.min2401.css]
[theqdacademy.com/wp-content/plugins/elementor/assets/lib/font-awesome/css/brands52d5.css]
[theqdacademy.com/wp-content/plugins/elementor/assets/lib/font-awesome/css/fontawesome52d5.css]
[theqdacademy.com/wp-content/plugins/elementor/assets/lib/font-awesome/css/solid52d5.css]
[theqdacademy.com/wp-content/plugins/elementor/assets/lib/font-awesome/css/all.min8bc9.css]
[theqdacademy.com/wp-content/plugins/elementor/assets/lib/font-awesome/css/v4-shims.min8bc9.css]
[theqdacademy.com/wp-includes/js/jquery/jquery.minf43b.js]
[theqdacademy.com/wp-includes/js/jquery/jquery-migrate.min5589.js]
[theqdacademy.com/wp-content/plugins/elementor/assets/lib/font-awesome/js/v4-shims.min8bc9.js]
[theqdacademy.com/wp-content/uploads/2024/08/cropped-cropped-image-25-32x32.png]
[theqdacademy.com/wp-content/uploads/2024/08/cropped-cropped-image-25-192x192.png]
[theqdacademy.com/wp-content/uploads/2024/08/cropped-cropped-image-25-180x180.png]
[theqdacademy.com/wp-content/uploads/2024/08/new1.png]
[theqdacademy.com/wp-content/uploads/2025/06/badges-SF-UTAP-70-_-Higher-Quality-1024x125.png]
[theqdacademy.com/wp-content/uploads/2025/06/still-enhanced.jpg]
[theqdacademy.com/wp-content/uploads/2025/06/2c.jpg]
[theqdacademy.com/wp-content/uploads/2025/06/2c-2.jpg]
[theqdacademy.com/wp-content/uploads/2025/06/5c-1.jpg]
[theqdacademy.com/wp-content/uploads/2025/06/4c-1.jpg]
[theqdacademy.com/wp-content/uploads/2025/06/9c.jpg]
[theqdacademy.com/wp-content/uploads/2025/06/8c.jpg]
[theqdacademy.com/wp-content/uploads/2025/06/7c.jpg]
[theqdacademy.com/wp-content/uploads/2025/06/6c-1.jpg]
[theqdacademy.com/wp-content/uploads/2025/06/10c.jpg]
[theqdacademy.com/wp-content/uploads/2025/05/enneagram-example-diagram2-300x298.png]
[theqdacademy.com/wp-content/uploads/2025/05/enneagram-flaticon-300x300.png]
[theqdacademy.com/wp-content/uploads/2025/06/jarrod-enhanced-white-teeth.png]
[theqdacademy.com/wp-content/uploads/2025/06/Coach-Certification-CHEE-YAU-CHONG-JARROD-jpg-1024x709.jpg]
[theqdacademy.com/wp-content/uploads/2025/06/Leadership-Excellence-With-The-Enneagram_CHEE-YAU-CHONG-JARROD--1024x709.jpg]
[theqdacademy.com/wp-content/uploads/2024/08/Group-21.png]
[theqdacademy.com/wp-content/uploads/2024/08/footer-300x104.png]
[theqdacademy.com/wp-content/uploads/2024/08/mdi_call.png]
[theqdacademy.com/wp-content/plugins/elementor/assets/css/widget-social-icons.min52dd.css]
[theqdacademy.com/wp-content/plugins/elementor/assets/css/conditionals/apple-webkit.min52dd.css]
[theqdacademy.com/wp-content/themes/astra/assets/js/minified/frontend.min7bcd.js]
[theqdacademy.com/wp-content/plugins/essential-addons-for-elementor-lite/assets/front-end/js/view/general.min8bc9.js]
[theqdacademy.com/wp-content/uploads/essential-addons-elementor/eael-24073ed40.js]
[theqdacademy.com/wp-content/plugins/google-site-kit/dist/assets/js/googlesitekit-events-provider-wpforms-3b23b71ea60c39fa1552.js]
[theqdacademy.com/wp-content/plugins/header-footer-elementor/inc/js/frontend92a8.js]
[theqdacademy.com/wp-content/plugins/formidable/js/frm.mind736.js]
[theqdacademy.com/wp-content/plugins/elementor/assets/js/webpack.runtime.min52dd.js]
[theqdacademy.com/wp-content/plugins/elementor/assets/js/frontend-modules.min52dd.js]
[theqdacademy.com/wp-includes/js/jquery/ui/core.minb37e.js]
[theqdacademy.com/wp-content/plugins/elementor/assets/js/frontend.min52dd.js]
[theqdacademy.com/effective-service-leadership-with-enneagram-new-copy/index.html]
[theqdacademy.com/wp-content/plugins/formidable/css/formidableformse98d.css]
[theqdacademy.com/wp-content/themes/astra/assets/css/minified/main.min7bcd.css]
[theqdacademy.com/wp-content/plugins/header-footer-elementor/inc/widgets-css/frontend92a8.css]
[theqdacademy.com/wp-content/plugins/header-footer-elementor/assets/css/header-footer-elementor92a8.css]
[theqdacademy.com/wp-content/plugins/elementor/assets/css/frontend.min52dd.css]
[theqdacademy.com/wp-content/plugins/essential-addons-for-elementor-lite/assets/front-end/css/view/general.min8bc9.css]
[theqdacademy.com/wp-content/uploads/essential-addons-elementor/eael-24178ed40.css]
[theqdacademy.com/wp-content/plugins/elementor/assets/lib/swiper/v8/css/swiper.min94a4.css]
[theqdacademy.com/wp-content/plugins/elementor/assets/css/conditionals/e-swiper.min52dd.css]
[theqdacademy.com/wp-content/uploads/elementor/css/post-7b6fa.css]
[theqdacademy.com/wp-content/uploads/elementor/css/global1588.css]
[theqdacademy.com/wp-content/plugins/elementor/assets/css/widget-icon-list.min52dd.css]
[theqdacademy.com/wp-content/plugins/elementor/assets/css/widget-text-editor.min52dd.css]
[theqdacademy.com/wp-content/plugins/elementor/assets/css/widget-heading.min52dd.css]
[theqdacademy.com/wp-content/plugins/elementor/assets/css/widget-image.min52dd.css]
[theqdacademy.com/wp-content/plugins/elementor/assets/css/widget-video.min52dd.css]
[theqdacademy.com/wp-content/plugins/elementor/assets/css/widget-image-carousel.min52dd.css]
[theqdacademy.com/wp-content/plugins/elementor/assets/css/widget-divider.min52dd.css]
[theqdacademy.com/wp-content/plugins/elementor/assets/css/widget-toggle.min52dd.css]
[theqdacademy.com/wp-content/plugins/elementor/assets/css/widget-nested-tabs.min52dd.css]
[theqdacademy.com/wp-content/plugins/elementor/assets/lib/animations/styles/e-animation-grow.min52dd.css]
[theqdacademy.com/wp-content/uploads/elementor/css/post-24178c4f2.css]
[theqdacademy.com/wp-content/uploads/essential-addons-elementor/eael-24073ed40.css]
[theqdacademy.com/wp-content/uploads/elementor/css/post-2407338fa.css]
[theqdacademy.com/wp-content/uploads/elementor/css/post-2409248ec.css]
[theqdacademy.com/wp-content/tablepress-combined.minb52e.css]
[theqdacademy.com/wp-content/plugins/elementor/assets/css/widget-icon-list.min44b4.css]
[theqdacademy.com/wp-content/plugins/elementor/assets/css/widget-social-icons.min2401.css]
[theqdacademy.com/wp-content/plugins/elementor/assets/lib/font-awesome/css/brands52d5.css]
[theqdacademy.com/wp-content/plugins/elementor/assets/lib/font-awesome/css/fontawesome52d5.css]
[theqdacademy.com/wp-content/plugins/elementor/assets/lib/font-awesome/css/solid52d5.css]
[theqdacademy.com/wp-content/plugins/elementor/assets/lib/font-awesome/css/all.min8bc9.css]
[theqdacademy.com/wp-content/plugins/elementor/assets/lib/font-awesome/css/v4-shims.min8bc9.css]
[theqdacademy.com/wp-content/plugins/elementor/assets/css/widget-social-icons.min52dd.css]
[theqdacademy.com/wp-content/plugins/elementor/assets/css/conditionals/apple-webkit.min52dd.css]
[theqdacademy.com/wp-content/uploads/essential-addons-elementor/eael-24178ed40.js]
[theqdacademy.com/wp-content/plugins/tablepress/js/jquery.datatables.minb12b.js]
[tinl.net/wp-content/plugins/formidable/images/ajax_loader.gif]
